// Vitest Snapshot v1, https://vitest.dev/guide/snapshot.html

exports[`test > test 1`] = `
"export var x = /*#__PURE__*/ React.createElement("div", {
    "data-reshaper-loc": "fixture/input.js:1"
}, /*#__PURE__*/ React.createElement("h1", {
    "data-reshaper-loc": "fixture/input.js:3"
}, "Hello"));
"
`;
